
> kenya-rx-flow@0.0.0 build
> vite build

[36mvite v5.4.19 [32mbuilding for production...[36m[39m
transforming...
node.exe : Browserslist: browsers data (caniuse-lite) is 10 months old. Please run:
At line:1 char:1
+ & "C:\Program Files\nodejs/node.exe" "C:\Program Files\nodejs/node_mo ...
+ ~~~~~~~~~~~~~~~~~~~~~~~~~~~~~~~~~~~~~~~~~~~~~~~~~~~~~~~~~~~~~~~~~~~~~
    + CategoryInfo          : NotSpecified: (Browserslist: b...ld. Please run::String) [], RemoteException
    + FullyQualifiedErrorId : NativeCommandError
 
  npx update-browserslist-db@latest
  Why you should do it regularly: https://github.com/browserslist/update-db#readme

[1m[33mwarn[39m[22m - The class `delay-[1200ms]` is ambiguous and matches multiple utilities.
[1m[33mwarn[39m[22m - If this is content and not a class, replace it with `delay-&lsqb;1200ms&rsqb;` to silence 
this warning.

[1m[33mwarn[39m[22m - The class `duration-[3000ms]` is ambiguous and matches multiple utilities.
[1m[33mwarn[39m[22m - If this is content and not a class, replace it with `duration-&lsqb;3000ms&rsqb;` to silence 
this warning.
[32mÔ£ô[39m 2746 modules transformed.
[31mx[39m Build failed in 5.36s
[31merror during build:
[31msrc/main.tsx (4:9): "initDb" is not exported by "src/lib/db.ts", imported by "src/main.tsx".[31m
file: [36mC:/Users/papsi/Videos/kenya-rx-flow-main/src/main.tsx:4:9[31m
[33m
2: import App from "./App.tsx";
3: import "./index.css";
4: import { initDb } from "./lib/db";
            ^
5: 
6: // Initialize database
[31m
    at getRollupError 
(file:///C:/Users/papsi/Videos/kenya-rx-flow-main/node_modules/rollup/dist/es/shared/parseAst.js:395:41)
    at error (file:///C:/Users/papsi/Videos/kenya-rx-flow-main/node_modules/rollup/dist/es/shared/parseAst.js:391:42)
    at Module.error 
(file:///C:/Users/papsi/Videos/kenya-rx-flow-main/node_modules/rollup/dist/es/shared/node-entry.js:15535:16)
    at Module.traceVariable 
(file:///C:/Users/papsi/Videos/kenya-rx-flow-main/node_modules/rollup/dist/es/shared/node-entry.js:15984:29)
    at ModuleScope.findVariable 
(file:///C:/Users/papsi/Videos/kenya-rx-flow-main/node_modules/rollup/dist/es/shared/node-entry.js:13770:39)
    at Identifier.bind 
(file:///C:/Users/papsi/Videos/kenya-rx-flow-main/node_modules/rollup/dist/es/shared/node-entry.js:5035:40)
    at CallExpression.bind 
(file:///C:/Users/papsi/Videos/kenya-rx-flow-main/node_modules/rollup/dist/es/shared/node-entry.js:2855:23)
    at CallExpression.bind 
(file:///C:/Users/papsi/Videos/kenya-rx-flow-main/node_modules/rollup/dist/es/shared/node-entry.js:11235:15)
    at ExpressionStatement.bind 
(file:///C:/Users/papsi/Videos/kenya-rx-flow-main/node_modules/rollup/dist/es/shared/node-entry.js:2855:23)
    at Program.bind 
(file:///C:/Users/papsi/Videos/kenya-rx-flow-main/node_modules/rollup/dist/es/shared/node-entry.js:2851:28)[39m
